------------------------------------------------------------
TimeQuest Timing Analyzer Summary
------------------------------------------------------------

Type  : Slow Model Setup 'clk'
Slack : -7.772
TNS   : -446.820

Type  : Slow Model Setup 'Mdatapath:inst|exponential:EXP|datapath:dP|counter:count|out[3]'
Slack : -1.579
TNS   : -14.311

Type  : Slow Model Hold 'clk'
Slack : -2.669
TNS   : -7.619

Type  : Slow Model Hold 'Mdatapath:inst|exponential:EXP|datapath:dP|counter:count|out[3]'
Slack : 0.680
TNS   : 0.000

Type  : Slow Model Recovery 'clk'
Slack : -0.422
TNS   : -0.844

Type  : Slow Model Removal 'clk'
Slack : 1.174
TNS   : 0.000

Type  : Slow Model Minimum Pulse Width 'clk'
Slack : -2.064
TNS   : -350.009

Type  : Slow Model Minimum Pulse Width 'Mdatapath:inst|exponential:EXP|datapath:dP|counter:count|out[3]'
Slack : 0.500
TNS   : 0.000

Type  : Fast Model Setup 'clk'
Slack : -1.460
TNS   : -91.091

Type  : Fast Model Setup 'Mdatapath:inst|exponential:EXP|datapath:dP|counter:count|out[3]'
Slack : -0.165
TNS   : -0.757

Type  : Fast Model Hold 'clk'
Slack : -1.703
TNS   : -5.041

Type  : Fast Model Hold 'Mdatapath:inst|exponential:EXP|datapath:dP|counter:count|out[3]'
Slack : 0.480
TNS   : 0.000

Type  : Fast Model Recovery 'clk'
Slack : 0.297
TNS   : 0.000

Type  : Fast Model Removal 'clk'
Slack : 0.583
TNS   : 0.000

Type  : Fast Model Minimum Pulse Width 'clk'
Slack : -1.627
TNS   : -281.926

Type  : Fast Model Minimum Pulse Width 'Mdatapath:inst|exponential:EXP|datapath:dP|counter:count|out[3]'
Slack : 0.500
TNS   : 0.000

------------------------------------------------------------
