Analysis & Synthesis report for Mdatapath
Wed Nov 29 13:58:16 2023
Quartus II 32-bit Version 12.1 Build 177 11/07/2012 SJ Web Edition


---------------------
; Table of Contents ;
---------------------
  1. Legal Notice
  2. Analysis & Synthesis Summary
  3. Analysis & Synthesis Settings
  4. Parallel Compilation
  5. Analysis & Synthesis Source Files Read
  6. Analysis & Synthesis Resource Usage Summary
  7. Analysis & Synthesis Resource Utilization by Entity
  8. Analysis & Synthesis RAM Summary
  9. Analysis & Synthesis DSP Block Usage Summary
 10. Analysis & Synthesis IP Cores Summary
 11. State Machine - |top|Mdatapath:inst|onePulser:one|ps
 12. State Machine - |top|Mdatapath:inst|exponential:EXP|controller:control|ps
 13. State Machine - |top|Mdatapath:inst|Wcontroller:controller|ps
 14. User-Specified and Inferred Latches
 15. Registers Removed During Synthesis
 16. Removed Registers Triggering Further Register Optimizations
 17. General Register Statistics
 18. Multiplexer Restructuring Statistics (Restructuring Performed)
 19. Source assignments for fifo0:inst1|scfifo:scfifo_component|scfifo_to21:auto_generated|a_dpfifo_4v21:dpfifo|dpram_5v01:FIFOram|altsyncram_muj1:altsyncram2
 20. Parameter Settings for User Entity Instance: Mdatapath:inst|Wcontroller:controller
 21. Parameter Settings for User Entity Instance: Mdatapath:inst|exponential:EXP|controller:control
 22. Parameter Settings for User Entity Instance: fifo0:inst1|scfifo:scfifo_component
 23. Parameter Settings for Inferred Entity Instance: Mdatapath:inst|exponential:EXP|datapath:dP|multiplier:mult|lpm_mult:Mult0
 24. scfifo Parameter Settings by Entity Instance
 25. lpm_mult Parameter Settings by Entity Instance
 26. Port Connectivity Checks: "Mdatapath:inst|exponential:EXP|datapath:dP|adder:add"
 27. Port Connectivity Checks: "Mdatapath:inst|exponential:EXP|datapath:dP|counter:count"
 28. Port Connectivity Checks: "Mdatapath:inst|shr16bit:shift_reg"
 29. Elapsed Time Per Partition
 30. Analysis & Synthesis Messages



----------------
; Legal Notice ;
----------------
Copyright (C) 1991-2012 Altera Corporation
Your use of Altera Corporation's design tools, logic functions 
and other software and tools, and its AMPP partner logic 
functions, and any output files from any of the foregoing 
(including device programming or simulation files), and any 
associated documentation or information are expressly subject 
to the terms and conditions of the Altera Program License 
Subscription Agreement, Altera MegaCore Function License 
Agreement, or other applicable license agreement, including, 
without limitation, that your use is for the sole purpose of 
programming logic devices manufactured by Altera and sold by 
Altera or its authorized distributors.  Please refer to the 
applicable agreement for further details.



+-------------------------------------------------------------------------------+
; Analysis & Synthesis Summary                                                  ;
+------------------------------------+------------------------------------------+
; Analysis & Synthesis Status        ; Successful - Wed Nov 29 13:58:16 2023    ;
; Quartus II 32-bit Version          ; 12.1 Build 177 11/07/2012 SJ Web Edition ;
; Revision Name                      ; Mdatapath                                ;
; Top-level Entity Name              ; top                                      ;
; Family                             ; Cyclone II                               ;
; Total logic elements               ; 166                                      ;
;     Total combinational functions  ; 162                                      ;
;     Dedicated logic registers      ; 79                                       ;
; Total registers                    ; 79                                       ;
; Total pins                         ; 35                                       ;
; Total virtual pins                 ; 0                                        ;
; Total memory bits                  ; 84                                       ;
; Embedded Multiplier 9-bit elements ; 2                                        ;
; Total PLLs                         ; 0                                        ;
+------------------------------------+------------------------------------------+


+----------------------------------------------------------------------------------------------------------------------+
; Analysis & Synthesis Settings                                                                                        ;
+----------------------------------------------------------------------------+--------------------+--------------------+
; Option                                                                     ; Setting            ; Default Value      ;
+----------------------------------------------------------------------------+--------------------+--------------------+
; Device                                                                     ; EP2C20F484C7       ;                    ;
; Top-level entity name                                                      ; top                ; Mdatapath          ;
; Family name                                                                ; Cyclone II         ; Cyclone IV GX      ;
; Use smart compilation                                                      ; Off                ; Off                ;
; Enable parallel Assembler and TimeQuest Timing Analyzer during compilation ; On                 ; On                 ;
; Enable compact report table                                                ; Off                ; Off                ;
; Restructure Multiplexers                                                   ; Auto               ; Auto               ;
; Create Debugging Nodes for IP Cores                                        ; Off                ; Off                ;
; Preserve fewer node names                                                  ; On                 ; On                 ;
; Disable OpenCore Plus hardware evaluation                                  ; Off                ; Off                ;
; Verilog Version                                                            ; Verilog_2001       ; Verilog_2001       ;
; VHDL Version                                                               ; VHDL_1993          ; VHDL_1993          ;
; State Machine Processing                                                   ; Auto               ; Auto               ;
; Safe State Machine                                                         ; Off                ; Off                ;
; Extract Verilog State Machines                                             ; On                 ; On                 ;
; Extract VHDL State Machines                                                ; On                 ; On                 ;
; Ignore Verilog initial constructs                                          ; Off                ; Off                ;
; Iteration limit for constant Verilog loops                                 ; 5000               ; 5000               ;
; Iteration limit for non-constant Verilog loops                             ; 250                ; 250                ;
; Add Pass-Through Logic to Inferred RAMs                                    ; On                 ; On                 ;
; Infer RAMs from Raw Logic                                                  ; On                 ; On                 ;
; Parallel Synthesis                                                         ; On                 ; On                 ;
; DSP Block Balancing                                                        ; Auto               ; Auto               ;
; NOT Gate Push-Back                                                         ; On                 ; On                 ;
; Power-Up Don't Care                                                        ; On                 ; On                 ;
; Remove Redundant Logic Cells                                               ; Off                ; Off                ;
; Remove Duplicate Registers                                                 ; On                 ; On                 ;
; Ignore CARRY Buffers                                                       ; Off                ; Off                ;
; Ignore CASCADE Buffers                                                     ; Off                ; Off                ;
; Ignore GLOBAL Buffers                                                      ; Off                ; Off                ;
; Ignore ROW GLOBAL Buffers                                                  ; Off                ; Off                ;
; Ignore LCELL Buffers                                                       ; Off                ; Off                ;
; Ignore SOFT Buffers                                                        ; On                 ; On                 ;
; Limit AHDL Integers to 32 Bits                                             ; Off                ; Off                ;
; Optimization Technique                                                     ; Balanced           ; Balanced           ;
; Carry Chain Length                                                         ; 70                 ; 70                 ;
; Auto Carry Chains                                                          ; On                 ; On                 ;
; Auto Open-Drain Pins                                                       ; On                 ; On                 ;
; Perform WYSIWYG Primitive Resynthesis                                      ; Off                ; Off                ;
; Auto ROM Replacement                                                       ; On                 ; On                 ;
; Auto RAM Replacement                                                       ; On                 ; On                 ;
; Auto Shift Register Replacement                                            ; Auto               ; Auto               ;
; Allow Shift Register Merging across Hierarchies                            ; Auto               ; Auto               ;
; Auto Clock Enable Replacement                                              ; On                 ; On                 ;
; Strict RAM Replacement                                                     ; Off                ; Off                ;
; Allow Synchronous Control Signals                                          ; On                 ; On                 ;
; Force Use of Synchronous Clear Signals                                     ; Off                ; Off                ;
; Auto RAM to Logic Cell Conversion                                          ; Off                ; Off                ;
; Auto Resource Sharing                                                      ; Off                ; Off                ;
; Allow Any RAM Size For Recognition                                         ; Off                ; Off                ;
; Allow Any ROM Size For Recognition                                         ; Off                ; Off                ;
; Allow Any Shift Register Size For Recognition                              ; Off                ; Off                ;
; Use LogicLock Constraints during Resource Balancing                        ; On                 ; On                 ;
; Ignore translate_off and synthesis_off directives                          ; Off                ; Off                ;
; Timing-Driven Synthesis                                                    ; Off                ; Off                ;
; Report Parameter Settings                                                  ; On                 ; On                 ;
; Report Source Assignments                                                  ; On                 ; On                 ;
; Report Connectivity Checks                                                 ; On                 ; On                 ;
; Ignore Maximum Fan-Out Assignments                                         ; Off                ; Off                ;
; Synchronization Register Chain Length                                      ; 2                  ; 2                  ;
; PowerPlay Power Optimization                                               ; Normal compilation ; Normal compilation ;
; HDL message level                                                          ; Level2             ; Level2             ;
; Suppress Register Optimization Related Messages                            ; Off                ; Off                ;
; Number of Removed Registers Reported in Synthesis Report                   ; 5000               ; 5000               ;
; Number of Swept Nodes Reported in Synthesis Report                         ; 5000               ; 5000               ;
; Number of Inverted Registers Reported in Synthesis Report                  ; 100                ; 100                ;
; Clock MUX Protection                                                       ; On                 ; On                 ;
; Auto Gated Clock Conversion                                                ; Off                ; Off                ;
; Block Design Naming                                                        ; Auto               ; Auto               ;
; SDC constraint protection                                                  ; Off                ; Off                ;
; Synthesis Effort                                                           ; Auto               ; Auto               ;
; Shift Register Replacement - Allow Asynchronous Clear Signal               ; On                 ; On                 ;
; Pre-Mapping Resynthesis Optimization                                       ; Off                ; Off                ;
; Analysis & Synthesis Message Level                                         ; Medium             ; Medium             ;
; Disable Register Merging Across Hierarchies                                ; Auto               ; Auto               ;
; Resource Aware Inference For Block RAM                                     ; On                 ; On                 ;
; Synthesis Seed                                                             ; 1                  ; 1                  ;
+----------------------------------------------------------------------------+--------------------+--------------------+


Parallel compilation was disabled, but you have multiple processors available. Enable parallel compilation to reduce compilation time.
+-------------------------------------+
; Parallel Compilation                ;
+----------------------------+--------+
; Processors                 ; Number ;
+----------------------------+--------+
; Number detected on machine ; 2      ;
; Maximum allowed            ; 1      ;
+----------------------------+--------+


+----------------------------------------------------------------------------------------------------------------------------------------------------------------------+
; Analysis & Synthesis Source Files Read                                                                                                                               ;
+----------------------------------+-----------------+------------------------------------+------------------------------------------------------------------+---------+
; File Name with User-Entered Path ; Used in Netlist ; File Type                          ; File Name with Absolute Path                                     ; Library ;
+----------------------------------+-----------------+------------------------------------+------------------------------------------------------------------+---------+
; top.bdf                          ; yes             ; User Block Diagram/Schematic File  ; C:/Users/DLD lab 7/Desktop/New folder (2)/top.bdf                ;         ;
; ../New folder/Wcontroller.v      ; yes             ; User Verilog HDL File              ; C:/Users/DLD lab 7/Desktop/New folder/Wcontroller.v              ;         ;
; ../New folder/shr16bit.v         ; yes             ; User Verilog HDL File              ; C:/Users/DLD lab 7/Desktop/New folder/shr16bit.v                 ;         ;
; ../New folder/register18.v       ; yes             ; User Verilog HDL File              ; C:/Users/DLD lab 7/Desktop/New folder/register18.v               ;         ;
; ../New folder/register.v         ; yes             ; User Verilog HDL File              ; C:/Users/DLD lab 7/Desktop/New folder/register.v                 ;         ;
; ../New folder/reg.v              ; yes             ; User Verilog HDL File              ; C:/Users/DLD lab 7/Desktop/New folder/reg.v                      ;         ;
; ../New folder/onePulser.v        ; yes             ; User Verilog HDL File              ; C:/Users/DLD lab 7/Desktop/New folder/onePulser.v                ;         ;
; ../New folder/mux2to1.v          ; yes             ; User Verilog HDL File              ; C:/Users/DLD lab 7/Desktop/New folder/mux2to1.v                  ;         ;
; ../New folder/multiplier.v       ; yes             ; User Verilog HDL File              ; C:/Users/DLD lab 7/Desktop/New folder/multiplier.v               ;         ;
; ../New folder/Mdatapath.v        ; yes             ; User Verilog HDL File              ; C:/Users/DLD lab 7/Desktop/New folder/Mdatapath.v                ;         ;
; ../New folder/LUTExp.v           ; yes             ; User Verilog HDL File              ; C:/Users/DLD lab 7/Desktop/New folder/LUTExp.v                   ;         ;
; ../New folder/exponential.v      ; yes             ; User Verilog HDL File              ; C:/Users/DLD lab 7/Desktop/New folder/exponential.v              ;         ;
; ../New folder/Datapath.v         ; yes             ; User Verilog HDL File              ; C:/Users/DLD lab 7/Desktop/New folder/Datapath.v                 ;         ;
; ../New folder/Counter.v          ; yes             ; User Verilog HDL File              ; C:/Users/DLD lab 7/Desktop/New folder/Counter.v                  ;         ;
; ../New folder/Controller.v       ; yes             ; User Verilog HDL File              ; C:/Users/DLD lab 7/Desktop/New folder/Controller.v               ;         ;
; ../New folder/combsh.v           ; yes             ; User Verilog HDL File              ; C:/Users/DLD lab 7/Desktop/New folder/combsh.v                   ;         ;
; ../New folder/cnt2bit.v          ; yes             ; User Verilog HDL File              ; C:/Users/DLD lab 7/Desktop/New folder/cnt2bit.v                  ;         ;
; ../New folder/adder.v            ; yes             ; User Verilog HDL File              ; C:/Users/DLD lab 7/Desktop/New folder/adder.v                    ;         ;
; fifo0.v                          ; yes             ; Auto-Found Wizard-Generated File   ; C:/Users/DLD lab 7/Desktop/New folder (2)/fifo0.v                ;         ;
; scfifo.tdf                       ; yes             ; Megafunction                       ; c:/altera/12.1/quartus/libraries/megafunctions/scfifo.tdf        ;         ;
; a_regfifo.inc                    ; yes             ; Megafunction                       ; c:/altera/12.1/quartus/libraries/megafunctions/a_regfifo.inc     ;         ;
; a_dpfifo.inc                     ; yes             ; Megafunction                       ; c:/altera/12.1/quartus/libraries/megafunctions/a_dpfifo.inc      ;         ;
; a_i2fifo.inc                     ; yes             ; Megafunction                       ; c:/altera/12.1/quartus/libraries/megafunctions/a_i2fifo.inc      ;         ;
; a_fffifo.inc                     ; yes             ; Megafunction                       ; c:/altera/12.1/quartus/libraries/megafunctions/a_fffifo.inc      ;         ;
; a_f2fifo.inc                     ; yes             ; Megafunction                       ; c:/altera/12.1/quartus/libraries/megafunctions/a_f2fifo.inc      ;         ;
; aglobal121.inc                   ; yes             ; Megafunction                       ; c:/altera/12.1/quartus/libraries/megafunctions/aglobal121.inc    ;         ;
; db/scfifo_to21.tdf               ; yes             ; Auto-Generated Megafunction        ; C:/Users/DLD lab 7/Desktop/New folder (2)/db/scfifo_to21.tdf     ;         ;
; db/a_dpfifo_4v21.tdf             ; yes             ; Auto-Generated Megafunction        ; C:/Users/DLD lab 7/Desktop/New folder (2)/db/a_dpfifo_4v21.tdf   ;         ;
; db/a_fefifo_i4e.tdf              ; yes             ; Auto-Generated Megafunction        ; C:/Users/DLD lab 7/Desktop/New folder (2)/db/a_fefifo_i4e.tdf    ;         ;
; db/cntr_nj7.tdf                  ; yes             ; Auto-Generated Megafunction        ; C:/Users/DLD lab 7/Desktop/New folder (2)/db/cntr_nj7.tdf        ;         ;
; db/dpram_5v01.tdf                ; yes             ; Auto-Generated Megafunction        ; C:/Users/DLD lab 7/Desktop/New folder (2)/db/dpram_5v01.tdf      ;         ;
; db/altsyncram_muj1.tdf           ; yes             ; Auto-Generated Megafunction        ; C:/Users/DLD lab 7/Desktop/New folder (2)/db/altsyncram_muj1.tdf ;         ;
; db/cntr_bjb.tdf                  ; yes             ; Auto-Generated Megafunction        ; C:/Users/DLD lab 7/Desktop/New folder (2)/db/cntr_bjb.tdf        ;         ;
; lpm_mult.tdf                     ; yes             ; Megafunction                       ; c:/altera/12.1/quartus/libraries/megafunctions/lpm_mult.tdf      ;         ;
; lpm_add_sub.inc                  ; yes             ; Megafunction                       ; c:/altera/12.1/quartus/libraries/megafunctions/lpm_add_sub.inc   ;         ;
; multcore.inc                     ; yes             ; Megafunction                       ; c:/altera/12.1/quartus/libraries/megafunctions/multcore.inc      ;         ;
; bypassff.inc                     ; yes             ; Megafunction                       ; c:/altera/12.1/quartus/libraries/megafunctions/bypassff.inc      ;         ;
; altshift.inc                     ; yes             ; Megafunction                       ; c:/altera/12.1/quartus/libraries/megafunctions/altshift.inc      ;         ;
; db/mult_l8t.tdf                  ; yes             ; Auto-Generated Megafunction        ; C:/Users/DLD lab 7/Desktop/New folder (2)/db/mult_l8t.tdf        ;         ;
+----------------------------------+-----------------+------------------------------------+------------------------------------------------------------------+---------+


+-----------------------------------------------------+
; Analysis & Synthesis Resource Usage Summary         ;
+---------------------------------------------+-------+
; Resource                                    ; Usage ;
+---------------------------------------------+-------+
; Estimated Total logic elements              ; 166   ;
;                                             ;       ;
; Total combinational functions               ; 162   ;
; Logic element usage by number of LUT inputs ;       ;
;     -- 4 input functions                    ; 15    ;
;     -- 3 input functions                    ; 105   ;
;     -- <=2 input functions                  ; 42    ;
;                                             ;       ;
; Logic elements by mode                      ;       ;
;     -- normal mode                          ; 142   ;
;     -- arithmetic mode                      ; 20    ;
;                                             ;       ;
; Total registers                             ; 79    ;
;     -- Dedicated logic registers            ; 79    ;
;     -- I/O registers                        ; 0     ;
;                                             ;       ;
; I/O pins                                    ; 35    ;
; Total memory bits                           ; 84    ;
; Embedded Multiplier 9-bit elements          ; 2     ;
; Maximum fan-out                             ; 100   ;
; Total fan-out                               ; 990   ;
; Average fan-out                             ; 3.31  ;
+---------------------------------------------+-------+


+----------------------------------------------------------------------------------------------------------------------------------------------------------------------------------------------------------------------------------------------------------------------------------------------------------------------+
; Analysis & Synthesis Resource Utilization by Entity                                                                                                                                                                                                                                                                  ;
+-------------------------------------------------+-------------------+--------------+-------------+--------------+---------+-----------+------+--------------+-----------------------------------------------------------------------------------------------------------------------------------------+--------------+
; Compilation Hierarchy Node                      ; LC Combinationals ; LC Registers ; Memory Bits ; DSP Elements ; DSP 9x9 ; DSP 18x18 ; Pins ; Virtual Pins ; Full Hierarchy Name                                                                                                                     ; Library Name ;
+-------------------------------------------------+-------------------+--------------+-------------+--------------+---------+-----------+------+--------------+-----------------------------------------------------------------------------------------------------------------------------------------+--------------+
; |top                                            ; 162 (1)           ; 79 (0)       ; 84          ; 2            ; 0       ; 1         ; 35   ; 0            ; |top                                                                                                                                    ;              ;
;    |Mdatapath:inst|                             ; 148 (0)           ; 71 (0)       ; 0           ; 2            ; 0       ; 1         ; 0    ; 0            ; |top|Mdatapath:inst                                                                                                                     ;              ;
;       |Wcontroller:controller|                  ; 7 (7)             ; 5 (5)        ; 0           ; 0            ; 0       ; 0         ; 0    ; 0            ; |top|Mdatapath:inst|Wcontroller:controller                                                                                              ;              ;
;       |cnt2bit:counter|                         ; 2 (2)             ; 2 (2)        ; 0           ; 0            ; 0       ; 0         ; 0    ; 0            ; |top|Mdatapath:inst|cnt2bit:counter                                                                                                     ;              ;
;       |combsh:COM|                              ; 38 (38)           ; 0 (0)        ; 0           ; 0            ; 0       ; 0         ; 0    ; 0            ; |top|Mdatapath:inst|combsh:COM                                                                                                          ;              ;
;       |exponential:EXP|                         ; 90 (0)            ; 52 (0)       ; 0           ; 2            ; 0       ; 1         ; 0    ; 0            ; |top|Mdatapath:inst|exponential:EXP                                                                                                     ;              ;
;          |controller:control|                   ; 5 (5)             ; 6 (6)        ; 0           ; 0            ; 0       ; 0         ; 0    ; 0            ; |top|Mdatapath:inst|exponential:EXP|controller:control                                                                                  ;              ;
;          |datapath:dP|                          ; 85 (0)            ; 46 (0)       ; 0           ; 2            ; 0       ; 1         ; 0    ; 0            ; |top|Mdatapath:inst|exponential:EXP|datapath:dP                                                                                         ;              ;
;             |LUT:lut|                           ; 21 (21)           ; 0 (0)        ; 0           ; 0            ; 0       ; 0         ; 0    ; 0            ; |top|Mdatapath:inst|exponential:EXP|datapath:dP|LUT:lut                                                                                 ;              ;
;             |counter:count|                     ; 5 (5)             ; 4 (4)        ; 0           ; 0            ; 0       ; 0         ; 0    ; 0            ; |top|Mdatapath:inst|exponential:EXP|datapath:dP|counter:count                                                                           ;              ;
;             |multiplier:mult|                   ; 0 (0)             ; 0 (0)        ; 0           ; 2            ; 0       ; 1         ; 0    ; 0            ; |top|Mdatapath:inst|exponential:EXP|datapath:dP|multiplier:mult                                                                         ;              ;
;                |lpm_mult:Mult0|                 ; 0 (0)             ; 0 (0)        ; 0           ; 2            ; 0       ; 1         ; 0    ; 0            ; |top|Mdatapath:inst|exponential:EXP|datapath:dP|multiplier:mult|lpm_mult:Mult0                                                          ;              ;
;                   |mult_l8t:auto_generated|     ; 0 (0)             ; 0 (0)        ; 0           ; 2            ; 0       ; 1         ; 0    ; 0            ; |top|Mdatapath:inst|exponential:EXP|datapath:dP|multiplier:mult|lpm_mult:Mult0|mult_l8t:auto_generated                                  ;              ;
;             |mux2to1:mux|                       ; 15 (15)           ; 0 (0)        ; 0           ; 0            ; 0       ; 0         ; 0    ; 0            ; |top|Mdatapath:inst|exponential:EXP|datapath:dP|mux2to1:mux                                                                             ;              ;
;             |register18:rres|                   ; 19 (19)           ; 18 (18)      ; 0           ; 0            ; 0       ; 0         ; 0    ; 0            ; |top|Mdatapath:inst|exponential:EXP|datapath:dP|register18:rres                                                                         ;              ;
;             |register:regx|                     ; 8 (8)             ; 8 (8)        ; 0           ; 0            ; 0       ; 0         ; 0    ; 0            ; |top|Mdatapath:inst|exponential:EXP|datapath:dP|register:regx                                                                           ;              ;
;             |register:rtemp|                    ; 17 (17)           ; 16 (16)      ; 0           ; 0            ; 0       ; 0         ; 0    ; 0            ; |top|Mdatapath:inst|exponential:EXP|datapath:dP|register:rtemp                                                                          ;              ;
;       |onePulser:one|                           ; 2 (2)             ; 2 (2)        ; 0           ; 0            ; 0       ; 0         ; 0    ; 0            ; |top|Mdatapath:inst|onePulser:one                                                                                                       ;              ;
;       |shr16bit:shift_reg|                      ; 9 (9)             ; 8 (8)        ; 0           ; 0            ; 0       ; 0         ; 0    ; 0            ; |top|Mdatapath:inst|shr16bit:shift_reg                                                                                                  ;              ;
;       |ui_reg:register|                         ; 0 (0)             ; 2 (2)        ; 0           ; 0            ; 0       ; 0         ; 0    ; 0            ; |top|Mdatapath:inst|ui_reg:register                                                                                                     ;              ;
;    |fifo0:inst1|                                ; 13 (0)            ; 8 (0)        ; 84          ; 0            ; 0       ; 0         ; 0    ; 0            ; |top|fifo0:inst1                                                                                                                        ;              ;
;       |scfifo:scfifo_component|                 ; 13 (0)            ; 8 (0)        ; 84          ; 0            ; 0       ; 0         ; 0    ; 0            ; |top|fifo0:inst1|scfifo:scfifo_component                                                                                                ;              ;
;          |scfifo_to21:auto_generated|           ; 13 (0)            ; 8 (0)        ; 84          ; 0            ; 0       ; 0         ; 0    ; 0            ; |top|fifo0:inst1|scfifo:scfifo_component|scfifo_to21:auto_generated                                                                     ;              ;
;             |a_dpfifo_4v21:dpfifo|              ; 13 (2)            ; 8 (0)        ; 84          ; 0            ; 0       ; 0         ; 0    ; 0            ; |top|fifo0:inst1|scfifo:scfifo_component|scfifo_to21:auto_generated|a_dpfifo_4v21:dpfifo                                                ;              ;
;                |a_fefifo_i4e:fifo_state|        ; 7 (5)             ; 4 (2)        ; 0           ; 0            ; 0       ; 0         ; 0    ; 0            ; |top|fifo0:inst1|scfifo:scfifo_component|scfifo_to21:auto_generated|a_dpfifo_4v21:dpfifo|a_fefifo_i4e:fifo_state                        ;              ;
;                   |cntr_nj7:count_usedw|        ; 2 (2)             ; 2 (2)        ; 0           ; 0            ; 0       ; 0         ; 0    ; 0            ; |top|fifo0:inst1|scfifo:scfifo_component|scfifo_to21:auto_generated|a_dpfifo_4v21:dpfifo|a_fefifo_i4e:fifo_state|cntr_nj7:count_usedw   ;              ;
;                |cntr_bjb:rd_ptr_count|          ; 2 (2)             ; 2 (2)        ; 0           ; 0            ; 0       ; 0         ; 0    ; 0            ; |top|fifo0:inst1|scfifo:scfifo_component|scfifo_to21:auto_generated|a_dpfifo_4v21:dpfifo|cntr_bjb:rd_ptr_count                          ;              ;
;                |cntr_bjb:wr_ptr|                ; 2 (2)             ; 2 (2)        ; 0           ; 0            ; 0       ; 0         ; 0    ; 0            ; |top|fifo0:inst1|scfifo:scfifo_component|scfifo_to21:auto_generated|a_dpfifo_4v21:dpfifo|cntr_bjb:wr_ptr                                ;              ;
;                |dpram_5v01:FIFOram|             ; 0 (0)             ; 0 (0)        ; 84          ; 0            ; 0       ; 0         ; 0    ; 0            ; |top|fifo0:inst1|scfifo:scfifo_component|scfifo_to21:auto_generated|a_dpfifo_4v21:dpfifo|dpram_5v01:FIFOram                             ;              ;
;                   |altsyncram_muj1:altsyncram2| ; 0 (0)             ; 0 (0)        ; 84          ; 0            ; 0       ; 0         ; 0    ; 0            ; |top|fifo0:inst1|scfifo:scfifo_component|scfifo_to21:auto_generated|a_dpfifo_4v21:dpfifo|dpram_5v01:FIFOram|altsyncram_muj1:altsyncram2 ;              ;
+-------------------------------------------------+-------------------+--------------+-------------+--------------+---------+-----------+------+--------------+-----------------------------------------------------------------------------------------------------------------------------------------+--------------+
Note: For table entries with two numbers listed, the numbers in parentheses indicate the number of resources of the given type used by the specific entity alone. The numbers listed outside of parentheses indicate the total resources of the given type used by the specific entity and all of its sub-entities in the hierarchy.


+---------------------------------------------------------------------------------------------------------------------------------------------------------------------------------------------------------------------------------------------------+
; Analysis & Synthesis RAM Summary                                                                                                                                                                                                                  ;
+-----------------------------------------------------------------------------------------------------------------------------------------------+------+------------------+--------------+--------------+--------------+--------------+------+------+
; Name                                                                                                                                          ; Type ; Mode             ; Port A Depth ; Port A Width ; Port B Depth ; Port B Width ; Size ; MIF  ;
+-----------------------------------------------------------------------------------------------------------------------------------------------+------+------------------+--------------+--------------+--------------+--------------+------+------+
; fifo0:inst1|scfifo:scfifo_component|scfifo_to21:auto_generated|a_dpfifo_4v21:dpfifo|dpram_5v01:FIFOram|altsyncram_muj1:altsyncram2|ALTSYNCRAM ; AUTO ; Simple Dual Port ; 4            ; 21           ; 4            ; 21           ; 84   ; None ;
+-----------------------------------------------------------------------------------------------------------------------------------------------+------+------------------+--------------+--------------+--------------+--------------+------+------+


+-----------------------------------------------------+
; Analysis & Synthesis DSP Block Usage Summary        ;
+---------------------------------------+-------------+
; Statistic                             ; Number Used ;
+---------------------------------------+-------------+
; Simple Multipliers (9-bit)            ; 0           ;
; Simple Multipliers (18-bit)           ; 1           ;
; Embedded Multiplier Blocks            ; --          ;
; Embedded Multiplier 9-bit elements    ; 2           ;
; Signed Embedded Multipliers           ; 0           ;
; Unsigned Embedded Multipliers         ; 1           ;
; Mixed Sign Embedded Multipliers       ; 0           ;
; Variable Sign Embedded Multipliers    ; 0           ;
; Dedicated Input Shift Register Chains ; 0           ;
+---------------------------------------+-------------+
Note: number of Embedded Multiplier Blocks used is only available after a successful fit.


+--------------------------------------------------------------------------------------------------------------------------------------+
; Analysis & Synthesis IP Cores Summary                                                                                                ;
+--------+--------------+---------+--------------+--------------+------------------+---------------------------------------------------+
; Vendor ; IP Core Name ; Version ; Release Date ; License Type ; Entity Instance  ; IP Include File                                   ;
+--------+--------------+---------+--------------+--------------+------------------+---------------------------------------------------+
; Altera ; FIFO         ; N/A     ; N/A          ; N/A          ; |top|fifo0:inst1 ; C:/Users/DLD lab 7/Desktop/New folder (2)/fifo0.v ;
+--------+--------------+---------+--------------+--------------+------------------+---------------------------------------------------+


Encoding Type:  One-Hot
+------------------------------------------------------+
; State Machine - |top|Mdatapath:inst|onePulser:one|ps ;
+-------+-------+-------+------------------------------+
; Name  ; ps.00 ; ps.10 ; ps.01                        ;
+-------+-------+-------+------------------------------+
; ps.00 ; 0     ; 0     ; 0                            ;
; ps.01 ; 1     ; 0     ; 1                            ;
; ps.10 ; 1     ; 1     ; 0                            ;
+-------+-------+-------+------------------------------+


Encoding Type:  One-Hot
+-------------------------------------------------------------------------------------------+
; State Machine - |top|Mdatapath:inst|exponential:EXP|controller:control|ps                 ;
+-------------------+--------+----------+----------+----------+-------------------+---------+
; Name              ; ps.Add ; ps.Mult2 ; ps.Mult1 ; ps.Begin ; ps.Initialization ; ps.Idle ;
+-------------------+--------+----------+----------+----------+-------------------+---------+
; ps.Idle           ; 0      ; 0        ; 0        ; 0        ; 0                 ; 0       ;
; ps.Initialization ; 0      ; 0        ; 0        ; 0        ; 1                 ; 1       ;
; ps.Begin          ; 0      ; 0        ; 0        ; 1        ; 0                 ; 1       ;
; ps.Mult1          ; 0      ; 0        ; 1        ; 0        ; 0                 ; 1       ;
; ps.Mult2          ; 0      ; 1        ; 0        ; 0        ; 0                 ; 1       ;
; ps.Add            ; 1      ; 0        ; 0        ; 0        ; 0                 ; 1       ;
+-------------------+--------+----------+----------+----------+-------------------+---------+


Encoding Type:  One-Hot
+---------------------------------------------------------------+
; State Machine - |top|Mdatapath:inst|Wcontroller:controller|ps ;
+------+------+------+------+------+----------------------------+
; Name ; ps.D ; ps.C ; ps.B ; ps.A ; ps.E                       ;
+------+------+------+------+------+----------------------------+
; ps.A ; 0    ; 0    ; 0    ; 0    ; 0                          ;
; ps.B ; 0    ; 0    ; 1    ; 1    ; 0                          ;
; ps.C ; 0    ; 1    ; 0    ; 1    ; 0                          ;
; ps.D ; 1    ; 0    ; 0    ; 1    ; 0                          ;
; ps.E ; 0    ; 0    ; 0    ; 1    ; 1                          ;
+------+------+------+------+------+----------------------------+


+---------------------------------------------------------------------------------------------------------------------------------------------------------+
; User-Specified and Inferred Latches                                                                                                                     ;
+--------------------------------------------------------------+-----------------------------------------------------------------+------------------------+
; Latch Name                                                   ; Latch Enable Signal                                             ; Free of Timing Hazards ;
+--------------------------------------------------------------+-----------------------------------------------------------------+------------------------+
; Mdatapath:inst|exponential:EXP|datapath:dP|LUT:lut|datat[0]  ; Mdatapath:inst|exponential:EXP|datapath:dP|counter:count|out[3] ; yes                    ;
; Mdatapath:inst|exponential:EXP|datapath:dP|LUT:lut|datat[1]  ; Mdatapath:inst|exponential:EXP|datapath:dP|counter:count|out[3] ; yes                    ;
; Mdatapath:inst|exponential:EXP|datapath:dP|LUT:lut|datat[2]  ; Mdatapath:inst|exponential:EXP|datapath:dP|counter:count|out[3] ; yes                    ;
; Mdatapath:inst|exponential:EXP|datapath:dP|LUT:lut|datat[3]  ; Mdatapath:inst|exponential:EXP|datapath:dP|counter:count|out[3] ; yes                    ;
; Mdatapath:inst|exponential:EXP|datapath:dP|LUT:lut|datat[4]  ; Mdatapath:inst|exponential:EXP|datapath:dP|counter:count|out[3] ; yes                    ;
; Mdatapath:inst|exponential:EXP|datapath:dP|LUT:lut|datat[5]  ; Mdatapath:inst|exponential:EXP|datapath:dP|counter:count|out[3] ; yes                    ;
; Mdatapath:inst|exponential:EXP|datapath:dP|LUT:lut|datat[6]  ; Mdatapath:inst|exponential:EXP|datapath:dP|counter:count|out[3] ; yes                    ;
; Mdatapath:inst|exponential:EXP|datapath:dP|LUT:lut|datat[7]  ; Mdatapath:inst|exponential:EXP|datapath:dP|counter:count|out[3] ; yes                    ;
; Mdatapath:inst|exponential:EXP|datapath:dP|LUT:lut|datat[8]  ; Mdatapath:inst|exponential:EXP|datapath:dP|counter:count|out[3] ; yes                    ;
; Mdatapath:inst|exponential:EXP|datapath:dP|LUT:lut|datat[9]  ; Mdatapath:inst|exponential:EXP|datapath:dP|counter:count|out[3] ; yes                    ;
; Mdatapath:inst|exponential:EXP|datapath:dP|LUT:lut|datat[10] ; Mdatapath:inst|exponential:EXP|datapath:dP|counter:count|out[3] ; yes                    ;
; Mdatapath:inst|exponential:EXP|datapath:dP|LUT:lut|datat[11] ; Mdatapath:inst|exponential:EXP|datapath:dP|counter:count|out[3] ; yes                    ;
; Mdatapath:inst|exponential:EXP|datapath:dP|LUT:lut|datat[12] ; Mdatapath:inst|exponential:EXP|datapath:dP|counter:count|out[3] ; yes                    ;
; Mdatapath:inst|exponential:EXP|datapath:dP|LUT:lut|datat[13] ; Mdatapath:inst|exponential:EXP|datapath:dP|counter:count|out[3] ; yes                    ;
; Mdatapath:inst|exponential:EXP|datapath:dP|LUT:lut|datat[14] ; Mdatapath:inst|exponential:EXP|datapath:dP|counter:count|out[3] ; yes                    ;
; Mdatapath:inst|exponential:EXP|datapath:dP|LUT:lut|datat[15] ; Mdatapath:inst|exponential:EXP|datapath:dP|counter:count|out[3] ; yes                    ;
; Number of user-specified and inferred latches = 16           ;                                                                 ;                        ;
+--------------------------------------------------------------+-----------------------------------------------------------------+------------------------+
Note: All latches listed above may not be present at the end of synthesis due to various synthesis optimizations.


+------------------------------------------------------------------------------------------------------------+
; Registers Removed During Synthesis                                                                         ;
+-------------------------------------------------------------------+----------------------------------------+
; Register name                                                     ; Reason for Removal                     ;
+-------------------------------------------------------------------+----------------------------------------+
; Mdatapath:inst|shr16bit:shift_reg|shift[0]                        ; Stuck at GND due to stuck port data_in ;
; Mdatapath:inst|exponential:EXP|datapath:dP|register:regx|r_out[0] ; Stuck at GND due to stuck port data_in ;
; Mdatapath:inst|shr16bit:shift_reg|shift[1]                        ; Stuck at GND due to stuck port data_in ;
; Mdatapath:inst|exponential:EXP|datapath:dP|register:regx|r_out[1] ; Stuck at GND due to stuck port data_in ;
; Mdatapath:inst|shr16bit:shift_reg|shift[2]                        ; Stuck at GND due to stuck port data_in ;
; Mdatapath:inst|exponential:EXP|datapath:dP|register:regx|r_out[2] ; Stuck at GND due to stuck port data_in ;
; Mdatapath:inst|shr16bit:shift_reg|shift[3]                        ; Stuck at GND due to stuck port data_in ;
; Mdatapath:inst|exponential:EXP|datapath:dP|register:regx|r_out[3] ; Stuck at GND due to stuck port data_in ;
; Mdatapath:inst|shr16bit:shift_reg|shift[4]                        ; Stuck at GND due to stuck port data_in ;
; Mdatapath:inst|exponential:EXP|datapath:dP|register:regx|r_out[4] ; Stuck at GND due to stuck port data_in ;
; Mdatapath:inst|shr16bit:shift_reg|shift[5]                        ; Stuck at GND due to stuck port data_in ;
; Mdatapath:inst|exponential:EXP|datapath:dP|register:regx|r_out[5] ; Stuck at GND due to stuck port data_in ;
; Mdatapath:inst|shr16bit:shift_reg|shift[6]                        ; Stuck at GND due to stuck port data_in ;
; Mdatapath:inst|exponential:EXP|datapath:dP|register:regx|r_out[6] ; Stuck at GND due to stuck port data_in ;
; Mdatapath:inst|shr16bit:shift_reg|shift[7]                        ; Stuck at GND due to stuck port data_in ;
; Mdatapath:inst|exponential:EXP|datapath:dP|register:regx|r_out[7] ; Stuck at GND due to stuck port data_in ;
; Mdatapath:inst|exponential:EXP|controller:control|ps~4            ; Lost fanout                            ;
; Mdatapath:inst|exponential:EXP|controller:control|ps~5            ; Lost fanout                            ;
; Mdatapath:inst|exponential:EXP|controller:control|ps~6            ; Lost fanout                            ;
; Mdatapath:inst|Wcontroller:controller|ps~4                        ; Lost fanout                            ;
; Mdatapath:inst|Wcontroller:controller|ps~5                        ; Lost fanout                            ;
; Mdatapath:inst|onePulser:one|ps.10                                ; Lost fanout                            ;
; Total Number of Removed Registers = 22                            ;                                        ;
+-------------------------------------------------------------------+----------------------------------------+


+---------------------------------------------------------------------------------------------------------------------------------------------+
; Removed Registers Triggering Further Register Optimizations                                                                                 ;
+--------------------------------------------+---------------------------+--------------------------------------------------------------------+
; Register name                              ; Reason for Removal        ; Registers Removed due to This Register                             ;
+--------------------------------------------+---------------------------+--------------------------------------------------------------------+
; Mdatapath:inst|shr16bit:shift_reg|shift[0] ; Stuck at GND              ; Mdatapath:inst|exponential:EXP|datapath:dP|register:regx|r_out[0], ;
;                                            ; due to stuck port data_in ; Mdatapath:inst|shr16bit:shift_reg|shift[1],                        ;
;                                            ;                           ; Mdatapath:inst|exponential:EXP|datapath:dP|register:regx|r_out[1], ;
;                                            ;                           ; Mdatapath:inst|shr16bit:shift_reg|shift[2],                        ;
;                                            ;                           ; Mdatapath:inst|exponential:EXP|datapath:dP|register:regx|r_out[2], ;
;                                            ;                           ; Mdatapath:inst|shr16bit:shift_reg|shift[3],                        ;
;                                            ;                           ; Mdatapath:inst|exponential:EXP|datapath:dP|register:regx|r_out[3], ;
;                                            ;                           ; Mdatapath:inst|shr16bit:shift_reg|shift[4],                        ;
;                                            ;                           ; Mdatapath:inst|exponential:EXP|datapath:dP|register:regx|r_out[4], ;
;                                            ;                           ; Mdatapath:inst|shr16bit:shift_reg|shift[5],                        ;
;                                            ;                           ; Mdatapath:inst|exponential:EXP|datapath:dP|register:regx|r_out[5], ;
;                                            ;                           ; Mdatapath:inst|shr16bit:shift_reg|shift[6],                        ;
;                                            ;                           ; Mdatapath:inst|exponential:EXP|datapath:dP|register:regx|r_out[6], ;
;                                            ;                           ; Mdatapath:inst|shr16bit:shift_reg|shift[7],                        ;
;                                            ;                           ; Mdatapath:inst|exponential:EXP|datapath:dP|register:regx|r_out[7]  ;
+--------------------------------------------+---------------------------+--------------------------------------------------------------------+


+------------------------------------------------------+
; General Register Statistics                          ;
+----------------------------------------------+-------+
; Statistic                                    ; Value ;
+----------------------------------------------+-------+
; Total registers                              ; 79    ;
; Number of registers using Synchronous Clear  ; 2     ;
; Number of registers using Synchronous Load   ; 18    ;
; Number of registers using Asynchronous Clear ; 71    ;
; Number of registers using Asynchronous Load  ; 0     ;
; Number of registers using Clock Enable       ; 61    ;
; Number of registers using Preset             ; 0     ;
+----------------------------------------------+-------+


+-----------------------------------------------------------------------------------------------------------------------------------------------------------------------------------------+
; Multiplexer Restructuring Statistics (Restructuring Performed)                                                                                                                          ;
+--------------------+-----------+---------------+----------------------+------------------------+------------+---------------------------------------------------------------------------+
; Multiplexer Inputs ; Bus Width ; Baseline Area ; Area if Restructured ; Saving if Restructured ; Registered ; Example Multiplexer Output                                                ;
+--------------------+-----------+---------------+----------------------+------------------------+------------+---------------------------------------------------------------------------+
; 3:1                ; 8 bits    ; 16 LEs        ; 8 LEs                ; 8 LEs                  ; Yes        ; |top|Mdatapath:inst|exponential:EXP|datapath:dP|register:regx|r_out[14]   ;
; 3:1                ; 4 bits    ; 8 LEs         ; 4 LEs                ; 4 LEs                  ; Yes        ; |top|Mdatapath:inst|exponential:EXP|datapath:dP|counter:count|out[1]      ;
; 3:1                ; 18 bits   ; 36 LEs        ; 18 LEs               ; 18 LEs                 ; Yes        ; |top|Mdatapath:inst|exponential:EXP|datapath:dP|register18:rres|r_out[17] ;
; 3:1                ; 3 bits    ; 6 LEs         ; 3 LEs                ; 3 LEs                  ; Yes        ; |top|Mdatapath:inst|shr16bit:shift_reg|shift[13]                          ;
; 3:1                ; 4 bits    ; 8 LEs         ; 4 LEs                ; 4 LEs                  ; Yes        ; |top|Mdatapath:inst|shr16bit:shift_reg|shift[11]                          ;
; 4:1                ; 16 bits   ; 32 LEs        ; 32 LEs               ; 0 LEs                  ; Yes        ; |top|Mdatapath:inst|exponential:EXP|datapath:dP|register:rtemp|r_out[0]   ;
+--------------------+-----------+---------------+----------------------+------------------------+------------+---------------------------------------------------------------------------+


+-----------------------------------------------------------------------------------------------------------------------------------------------------------+
; Source assignments for fifo0:inst1|scfifo:scfifo_component|scfifo_to21:auto_generated|a_dpfifo_4v21:dpfifo|dpram_5v01:FIFOram|altsyncram_muj1:altsyncram2 ;
+---------------------------------+--------------------+------+---------------------------------------------------------------------------------------------+
; Assignment                      ; Value              ; From ; To                                                                                          ;
+---------------------------------+--------------------+------+---------------------------------------------------------------------------------------------+
; OPTIMIZE_POWER_DURING_SYNTHESIS ; NORMAL_COMPILATION ; -    ; -                                                                                           ;
+---------------------------------+--------------------+------+---------------------------------------------------------------------------------------------+


+------------------------------------------------------------------------------------+
; Parameter Settings for User Entity Instance: Mdatapath:inst|Wcontroller:controller ;
+----------------+-------+-----------------------------------------------------------+
; Parameter Name ; Value ; Type                                                      ;
+----------------+-------+-----------------------------------------------------------+
; A              ; 000   ; Unsigned Binary                                           ;
; B              ; 001   ; Unsigned Binary                                           ;
; C              ; 010   ; Unsigned Binary                                           ;
; D              ; 011   ; Unsigned Binary                                           ;
; E              ; 100   ; Unsigned Binary                                           ;
+----------------+-------+-----------------------------------------------------------+
Note: In order to hide this table in the UI and the text report file, please set the "Show Parameter Settings in Synthesis Report" option in "Analysis and Synthesis Settings -> More Settings" to "Off".


+------------------------------------------------------------------------------------------------+
; Parameter Settings for User Entity Instance: Mdatapath:inst|exponential:EXP|controller:control ;
+----------------+-------+-----------------------------------------------------------------------+
; Parameter Name ; Value ; Type                                                                  ;
+----------------+-------+-----------------------------------------------------------------------+
; Idle           ; 000   ; Unsigned Binary                                                       ;
; Initialization ; 001   ; Unsigned Binary                                                       ;
; Begin          ; 010   ; Unsigned Binary                                                       ;
; Mult1          ; 011   ; Unsigned Binary                                                       ;
; Mult2          ; 100   ; Unsigned Binary                                                       ;
; Add            ; 101   ; Unsigned Binary                                                       ;
+----------------+-------+-----------------------------------------------------------------------+
Note: In order to hide this table in the UI and the text report file, please set the "Show Parameter Settings in Synthesis Report" option in "Analysis and Synthesis Settings -> More Settings" to "Off".


+----------------------------------------------------------------------------------+
; Parameter Settings for User Entity Instance: fifo0:inst1|scfifo:scfifo_component ;
+-------------------------+-------------+------------------------------------------+
; Parameter Name          ; Value       ; Type                                     ;
+-------------------------+-------------+------------------------------------------+
; AUTO_CARRY_CHAINS       ; ON          ; AUTO_CARRY                               ;
; IGNORE_CARRY_BUFFERS    ; OFF         ; IGNORE_CARRY                             ;
; AUTO_CASCADE_CHAINS     ; ON          ; AUTO_CASCADE                             ;
; IGNORE_CASCADE_BUFFERS  ; OFF         ; IGNORE_CASCADE                           ;
; lpm_width               ; 21          ; Signed Integer                           ;
; LPM_NUMWORDS            ; 4           ; Signed Integer                           ;
; LPM_WIDTHU              ; 2           ; Signed Integer                           ;
; LPM_SHOWAHEAD           ; OFF         ; Untyped                                  ;
; UNDERFLOW_CHECKING      ; ON          ; Untyped                                  ;
; OVERFLOW_CHECKING       ; ON          ; Untyped                                  ;
; ALLOW_RWCYCLE_WHEN_FULL ; OFF         ; Untyped                                  ;
; ADD_RAM_OUTPUT_REGISTER ; OFF         ; Untyped                                  ;
; ALMOST_FULL_VALUE       ; 0           ; Untyped                                  ;
; ALMOST_EMPTY_VALUE      ; 0           ; Untyped                                  ;
; USE_EAB                 ; ON          ; Untyped                                  ;
; MAXIMIZE_SPEED          ; 5           ; Untyped                                  ;
; DEVICE_FAMILY           ; Cyclone II  ; Untyped                                  ;
; OPTIMIZE_FOR_SPEED      ; 5           ; Untyped                                  ;
; CBXI_PARAMETER          ; scfifo_to21 ; Untyped                                  ;
+-------------------------+-------------+------------------------------------------+
Note: In order to hide this table in the UI and the text report file, please set the "Show Parameter Settings in Synthesis Report" option in "Analysis and Synthesis Settings -> More Settings" to "Off".


+----------------------------------------------------------------------------------------------------------------------------+
; Parameter Settings for Inferred Entity Instance: Mdatapath:inst|exponential:EXP|datapath:dP|multiplier:mult|lpm_mult:Mult0 ;
+------------------------------------------------+------------+--------------------------------------------------------------+
; Parameter Name                                 ; Value      ; Type                                                         ;
+------------------------------------------------+------------+--------------------------------------------------------------+
; AUTO_CARRY_CHAINS                              ; ON         ; AUTO_CARRY                                                   ;
; IGNORE_CARRY_BUFFERS                           ; OFF        ; IGNORE_CARRY                                                 ;
; AUTO_CASCADE_CHAINS                            ; ON         ; AUTO_CASCADE                                                 ;
; IGNORE_CASCADE_BUFFERS                         ; OFF        ; IGNORE_CASCADE                                               ;
; LPM_WIDTHA                                     ; 16         ; Untyped                                                      ;
; LPM_WIDTHB                                     ; 16         ; Untyped                                                      ;
; LPM_WIDTHP                                     ; 32         ; Untyped                                                      ;
; LPM_WIDTHR                                     ; 32         ; Untyped                                                      ;
; LPM_WIDTHS                                     ; 1          ; Untyped                                                      ;
; LPM_REPRESENTATION                             ; UNSIGNED   ; Untyped                                                      ;
; LPM_PIPELINE                                   ; 0          ; Untyped                                                      ;
; LATENCY                                        ; 0          ; Untyped                                                      ;
; INPUT_A_IS_CONSTANT                            ; NO         ; Untyped                                                      ;
; INPUT_B_IS_CONSTANT                            ; NO         ; Untyped                                                      ;
; USE_EAB                                        ; OFF        ; Untyped                                                      ;
; MAXIMIZE_SPEED                                 ; 6          ; Untyped                                                      ;
; DEVICE_FAMILY                                  ; Cyclone II ; Untyped                                                      ;
; CARRY_CHAIN                                    ; MANUAL     ; Untyped                                                      ;
; APEX20K_TECHNOLOGY_MAPPER                      ; LUT        ; TECH_MAPPER_APEX20K                                          ;
; DEDICATED_MULTIPLIER_CIRCUITRY                 ; AUTO       ; Untyped                                                      ;
; DEDICATED_MULTIPLIER_MIN_INPUT_WIDTH_FOR_AUTO  ; 0          ; Untyped                                                      ;
; DEDICATED_MULTIPLIER_MIN_OUTPUT_WIDTH_FOR_AUTO ; 0          ; Untyped                                                      ;
; CBXI_PARAMETER                                 ; mult_l8t   ; Untyped                                                      ;
; INPUT_A_FIXED_VALUE                            ; Bx         ; Untyped                                                      ;
; INPUT_B_FIXED_VALUE                            ; Bx         ; Untyped                                                      ;
; USE_AHDL_IMPLEMENTATION                        ; OFF        ; Untyped                                                      ;
+------------------------------------------------+------------+--------------------------------------------------------------+
Note: In order to hide this table in the UI and the text report file, please set the "Show Parameter Settings in Synthesis Report" option in "Analysis and Synthesis Settings -> More Settings" to "Off".


+------------------------------------------------------------------+
; scfifo Parameter Settings by Entity Instance                     ;
+----------------------------+-------------------------------------+
; Name                       ; Value                               ;
+----------------------------+-------------------------------------+
; Number of entity instances ; 1                                   ;
; Entity Instance            ; fifo0:inst1|scfifo:scfifo_component ;
;     -- FIFO Type           ; Single Clock                        ;
;     -- lpm_width           ; 21                                  ;
;     -- LPM_NUMWORDS        ; 4                                   ;
;     -- LPM_SHOWAHEAD       ; OFF                                 ;
;     -- USE_EAB             ; ON                                  ;
+----------------------------+-------------------------------------+


+-------------------------------------------------------------------------------------------------------------------+
; lpm_mult Parameter Settings by Entity Instance                                                                    ;
+---------------------------------------+---------------------------------------------------------------------------+
; Name                                  ; Value                                                                     ;
+---------------------------------------+---------------------------------------------------------------------------+
; Number of entity instances            ; 1                                                                         ;
; Entity Instance                       ; Mdatapath:inst|exponential:EXP|datapath:dP|multiplier:mult|lpm_mult:Mult0 ;
;     -- LPM_WIDTHA                     ; 16                                                                        ;
;     -- LPM_WIDTHB                     ; 16                                                                        ;
;     -- LPM_WIDTHP                     ; 32                                                                        ;
;     -- LPM_REPRESENTATION             ; UNSIGNED                                                                  ;
;     -- INPUT_A_IS_CONSTANT            ; NO                                                                        ;
;     -- INPUT_B_IS_CONSTANT            ; NO                                                                        ;
;     -- USE_EAB                        ; OFF                                                                       ;
;     -- DEDICATED_MULTIPLIER_CIRCUITRY ; AUTO                                                                      ;
;     -- INPUT_A_FIXED_VALUE            ; Bx                                                                        ;
;     -- INPUT_B_FIXED_VALUE            ; Bx                                                                        ;
+---------------------------------------+---------------------------------------------------------------------------+


+----------------------------------------------------------------------------------+
; Port Connectivity Checks: "Mdatapath:inst|exponential:EXP|datapath:dP|adder:add" ;
+-----------+-------+----------+---------------------------------------------------+
; Port      ; Type  ; Severity ; Details                                           ;
+-----------+-------+----------+---------------------------------------------------+
; b[17..16] ; Input ; Info     ; Stuck at GND                                      ;
+-----------+-------+----------+---------------------------------------------------+


+--------------------------------------------------------------------------------------+
; Port Connectivity Checks: "Mdatapath:inst|exponential:EXP|datapath:dP|counter:count" ;
+------+-------+----------+------------------------------------------------------------+
; Port ; Type  ; Severity ; Details                                                    ;
+------+-------+----------+------------------------------------------------------------+
; in   ; Input ; Info     ; Stuck at GND                                               ;
+------+-------+----------+------------------------------------------------------------+


+---------------------------------------------------------------+
; Port Connectivity Checks: "Mdatapath:inst|shr16bit:shift_reg" ;
+------------+-------+----------+-------------------------------+
; Port       ; Type  ; Severity ; Details                       ;
+------------+-------+----------+-------------------------------+
; in[15..13] ; Input ; Info     ; Stuck at GND                  ;
; in[7..0]   ; Input ; Info     ; Stuck at GND                  ;
+------------+-------+----------+-------------------------------+


+-------------------------------+
; Elapsed Time Per Partition    ;
+----------------+--------------+
; Partition Name ; Elapsed Time ;
+----------------+--------------+
; Top            ; 00:00:01     ;
+----------------+--------------+


+-------------------------------+
; Analysis & Synthesis Messages ;
+-------------------------------+
Info: *******************************************************************
Info: Running Quartus II 32-bit Analysis & Synthesis
    Info: Version 12.1 Build 177 11/07/2012 SJ Web Edition
    Info: Processing started: Wed Nov 29 13:58:13 2023
Info: Command: quartus_map --read_settings_files=on --write_settings_files=off Mdatapath -c Mdatapath
Warning (20028): Parallel compilation is not licensed and has been disabled
Info (12021): Found 1 design units, including 1 entities, in source file top.bdf
    Info (12023): Found entity 1: top
Info (12021): Found 1 design units, including 1 entities, in source file /users/dld lab 7/desktop/new folder/wcontroller.v
    Info (12023): Found entity 1: Wcontroller
Info (12021): Found 1 design units, including 1 entities, in source file /users/dld lab 7/desktop/new folder/shr16bit.v
    Info (12023): Found entity 1: shr16bit
Info (12021): Found 1 design units, including 1 entities, in source file /users/dld lab 7/desktop/new folder/register18.v
    Info (12023): Found entity 1: register18
Info (12021): Found 1 design units, including 1 entities, in source file /users/dld lab 7/desktop/new folder/register.v
    Info (12023): Found entity 1: register
Info (12021): Found 1 design units, including 1 entities, in source file /users/dld lab 7/desktop/new folder/reg.v
    Info (12023): Found entity 1: ui_reg
Info (12021): Found 1 design units, including 1 entities, in source file /users/dld lab 7/desktop/new folder/onepulser.v
    Info (12023): Found entity 1: onePulser
Info (12021): Found 1 design units, including 1 entities, in source file /users/dld lab 7/desktop/new folder/mux2to1.v
    Info (12023): Found entity 1: mux2to1
Info (12021): Found 1 design units, including 1 entities, in source file /users/dld lab 7/desktop/new folder/multiplier.v
    Info (12023): Found entity 1: multiplier
Info (12021): Found 1 design units, including 1 entities, in source file /users/dld lab 7/desktop/new folder/mdatapath.v
    Info (12023): Found entity 1: Mdatapath
Info (12021): Found 1 design units, including 1 entities, in source file /users/dld lab 7/desktop/new folder/lutexp.v
    Info (12023): Found entity 1: LUT
Info (12021): Found 1 design units, including 1 entities, in source file /users/dld lab 7/desktop/new folder/exponential.v
    Info (12023): Found entity 1: exponential
Info (12021): Found 1 design units, including 1 entities, in source file /users/dld lab 7/desktop/new folder/datapath.v
    Info (12023): Found entity 1: datapath
Info (12021): Found 1 design units, including 1 entities, in source file /users/dld lab 7/desktop/new folder/counter.v
    Info (12023): Found entity 1: counter
Info (12021): Found 1 design units, including 1 entities, in source file /users/dld lab 7/desktop/new folder/controller.v
    Info (12023): Found entity 1: controller
Info (12021): Found 1 design units, including 1 entities, in source file /users/dld lab 7/desktop/new folder/combsh.v
    Info (12023): Found entity 1: combsh
Info (12021): Found 1 design units, including 1 entities, in source file /users/dld lab 7/desktop/new folder/cnt2bit.v
    Info (12023): Found entity 1: cnt2bit
Info (12021): Found 1 design units, including 1 entities, in source file /users/dld lab 7/desktop/new folder/adder.v
    Info (12023): Found entity 1: adder
Info (12021): Found 1 design units, including 1 entities, in source file fifo.v
    Info (12023): Found entity 1: fifo
Info (12127): Elaborating entity "top" for the top level hierarchy
Info (12128): Elaborating entity "Mdatapath" for hierarchy "Mdatapath:inst"
Info (12128): Elaborating entity "cnt2bit" for hierarchy "Mdatapath:inst|cnt2bit:counter"
Warning (10230): Verilog HDL assignment warning at cnt2bit.v(7): truncated value with size 32 to match size of target (2)
Info (12128): Elaborating entity "Wcontroller" for hierarchy "Mdatapath:inst|Wcontroller:controller"
Info (12128): Elaborating entity "shr16bit" for hierarchy "Mdatapath:inst|shr16bit:shift_reg"
Info (12128): Elaborating entity "ui_reg" for hierarchy "Mdatapath:inst|ui_reg:register"
Info (12128): Elaborating entity "exponential" for hierarchy "Mdatapath:inst|exponential:EXP"
Info (12128): Elaborating entity "controller" for hierarchy "Mdatapath:inst|exponential:EXP|controller:control"
Info (12128): Elaborating entity "datapath" for hierarchy "Mdatapath:inst|exponential:EXP|datapath:dP"
Info (12128): Elaborating entity "register" for hierarchy "Mdatapath:inst|exponential:EXP|datapath:dP|register:regx"
Info (12128): Elaborating entity "counter" for hierarchy "Mdatapath:inst|exponential:EXP|datapath:dP|counter:count"
Info (12128): Elaborating entity "LUT" for hierarchy "Mdatapath:inst|exponential:EXP|datapath:dP|LUT:lut"
Warning (10270): Verilog HDL Case Statement warning at LUTExp.v(4): incomplete case statement has no default case item
Warning (10240): Verilog HDL Always Construct warning at LUTExp.v(3): inferring latch(es) for variable "datat", which holds its previous value in one or more paths through the always construct
Info (10041): Inferred latch for "datat[0]" at LUTExp.v(3)
Info (10041): Inferred latch for "datat[1]" at LUTExp.v(3)
Info (10041): Inferred latch for "datat[2]" at LUTExp.v(3)
Info (10041): Inferred latch for "datat[3]" at LUTExp.v(3)
Info (10041): Inferred latch for "datat[4]" at LUTExp.v(3)
Info (10041): Inferred latch for "datat[5]" at LUTExp.v(3)
Info (10041): Inferred latch for "datat[6]" at LUTExp.v(3)
Info (10041): Inferred latch for "datat[7]" at LUTExp.v(3)
Info (10041): Inferred latch for "datat[8]" at LUTExp.v(3)
Info (10041): Inferred latch for "datat[9]" at LUTExp.v(3)
Info (10041): Inferred latch for "datat[10]" at LUTExp.v(3)
Info (10041): Inferred latch for "datat[11]" at LUTExp.v(3)
Info (10041): Inferred latch for "datat[12]" at LUTExp.v(3)
Info (10041): Inferred latch for "datat[13]" at LUTExp.v(3)
Info (10041): Inferred latch for "datat[14]" at LUTExp.v(3)
Info (10041): Inferred latch for "datat[15]" at LUTExp.v(3)
Info (12128): Elaborating entity "mux2to1" for hierarchy "Mdatapath:inst|exponential:EXP|datapath:dP|mux2to1:mux"
Info (12128): Elaborating entity "multiplier" for hierarchy "Mdatapath:inst|exponential:EXP|datapath:dP|multiplier:mult"
Info (12128): Elaborating entity "adder" for hierarchy "Mdatapath:inst|exponential:EXP|datapath:dP|adder:add"
Info (12128): Elaborating entity "register18" for hierarchy "Mdatapath:inst|exponential:EXP|datapath:dP|register18:rres"
Info (12128): Elaborating entity "combsh" for hierarchy "Mdatapath:inst|combsh:COM"
Info (12128): Elaborating entity "onePulser" for hierarchy "Mdatapath:inst|onePulser:one"
Warning (12125): Using design file fifo0.v, which is not specified as a design file for the current project, but contains definitions for 1 design units and 1 entities in project
    Info (12023): Found entity 1: fifo0
Info (12128): Elaborating entity "fifo0" for hierarchy "fifo0:inst1"
Info (12128): Elaborating entity "scfifo" for hierarchy "fifo0:inst1|scfifo:scfifo_component"
Info (12130): Elaborated megafunction instantiation "fifo0:inst1|scfifo:scfifo_component"
Info (12133): Instantiated megafunction "fifo0:inst1|scfifo:scfifo_component" with the following parameter:
    Info (12134): Parameter "add_ram_output_register" = "OFF"
    Info (12134): Parameter "intended_device_family" = "Cyclone II"
    Info (12134): Parameter "lpm_numwords" = "4"
    Info (12134): Parameter "lpm_showahead" = "OFF"
    Info (12134): Parameter "lpm_type" = "scfifo"
    Info (12134): Parameter "lpm_width" = "21"
    Info (12134): Parameter "lpm_widthu" = "2"
    Info (12134): Parameter "overflow_checking" = "ON"
    Info (12134): Parameter "underflow_checking" = "ON"
    Info (12134): Parameter "use_eab" = "ON"
Info (12021): Found 1 design units, including 1 entities, in source file db/scfifo_to21.tdf
    Info (12023): Found entity 1: scfifo_to21
Info (12128): Elaborating entity "scfifo_to21" for hierarchy "fifo0:inst1|scfifo:scfifo_component|scfifo_to21:auto_generated"
Info (12021): Found 1 design units, including 1 entities, in source file db/a_dpfifo_4v21.tdf
    Info (12023): Found entity 1: a_dpfifo_4v21
Info (12128): Elaborating entity "a_dpfifo_4v21" for hierarchy "fifo0:inst1|scfifo:scfifo_component|scfifo_to21:auto_generated|a_dpfifo_4v21:dpfifo"
Info (12021): Found 1 design units, including 1 entities, in source file db/a_fefifo_i4e.tdf
    Info (12023): Found entity 1: a_fefifo_i4e
Info (12128): Elaborating entity "a_fefifo_i4e" for hierarchy "fifo0:inst1|scfifo:scfifo_component|scfifo_to21:auto_generated|a_dpfifo_4v21:dpfifo|a_fefifo_i4e:fifo_state"
Info (12021): Found 1 design units, including 1 entities, in source file db/cntr_nj7.tdf
    Info (12023): Found entity 1: cntr_nj7
Info (12128): Elaborating entity "cntr_nj7" for hierarchy "fifo0:inst1|scfifo:scfifo_component|scfifo_to21:auto_generated|a_dpfifo_4v21:dpfifo|a_fefifo_i4e:fifo_state|cntr_nj7:count_usedw"
Info (12021): Found 1 design units, including 1 entities, in source file db/dpram_5v01.tdf
    Info (12023): Found entity 1: dpram_5v01
Info (12128): Elaborating entity "dpram_5v01" for hierarchy "fifo0:inst1|scfifo:scfifo_component|scfifo_to21:auto_generated|a_dpfifo_4v21:dpfifo|dpram_5v01:FIFOram"
Info (12021): Found 1 design units, including 1 entities, in source file db/altsyncram_muj1.tdf
    Info (12023): Found entity 1: altsyncram_muj1
Info (12128): Elaborating entity "altsyncram_muj1" for hierarchy "fifo0:inst1|scfifo:scfifo_component|scfifo_to21:auto_generated|a_dpfifo_4v21:dpfifo|dpram_5v01:FIFOram|altsyncram_muj1:altsyncram2"
Info (12021): Found 1 design units, including 1 entities, in source file db/cntr_bjb.tdf
    Info (12023): Found entity 1: cntr_bjb
Info (12128): Elaborating entity "cntr_bjb" for hierarchy "fifo0:inst1|scfifo:scfifo_component|scfifo_to21:auto_generated|a_dpfifo_4v21:dpfifo|cntr_bjb:rd_ptr_count"
Info (278001): Inferred 1 megafunctions from design logic
    Info (278003): Inferred multiplier megafunction ("lpm_mult") from the following logic: "Mdatapath:inst|exponential:EXP|datapath:dP|multiplier:mult|Mult0"
Info (12130): Elaborated megafunction instantiation "Mdatapath:inst|exponential:EXP|datapath:dP|multiplier:mult|lpm_mult:Mult0"
Info (12133): Instantiated megafunction "Mdatapath:inst|exponential:EXP|datapath:dP|multiplier:mult|lpm_mult:Mult0" with the following parameter:
    Info (12134): Parameter "LPM_WIDTHA" = "16"
    Info (12134): Parameter "LPM_WIDTHB" = "16"
    Info (12134): Parameter "LPM_WIDTHP" = "32"
    Info (12134): Parameter "LPM_WIDTHR" = "32"
    Info (12134): Parameter "LPM_WIDTHS" = "1"
    Info (12134): Parameter "LPM_REPRESENTATION" = "UNSIGNED"
    Info (12134): Parameter "INPUT_A_IS_CONSTANT" = "NO"
    Info (12134): Parameter "INPUT_B_IS_CONSTANT" = "NO"
    Info (12134): Parameter "MAXIMIZE_SPEED" = "6"
Info (12021): Found 1 design units, including 1 entities, in source file db/mult_l8t.tdf
    Info (12023): Found entity 1: mult_l8t
Info (13025): Duplicate LATCH primitives merged into single LATCH primitive
    Info (13026): Duplicate LATCH primitive "Mdatapath:inst|exponential:EXP|datapath:dP|LUT:lut|datat[12]" merged with LATCH primitive "Mdatapath:inst|exponential:EXP|datapath:dP|LUT:lut|datat[0]"
    Info (13026): Duplicate LATCH primitive "Mdatapath:inst|exponential:EXP|datapath:dP|LUT:lut|datat[8]" merged with LATCH primitive "Mdatapath:inst|exponential:EXP|datapath:dP|LUT:lut|datat[0]"
    Info (13026): Duplicate LATCH primitive "Mdatapath:inst|exponential:EXP|datapath:dP|LUT:lut|datat[6]" merged with LATCH primitive "Mdatapath:inst|exponential:EXP|datapath:dP|LUT:lut|datat[2]"
    Info (13026): Duplicate LATCH primitive "Mdatapath:inst|exponential:EXP|datapath:dP|LUT:lut|datat[11]" merged with LATCH primitive "Mdatapath:inst|exponential:EXP|datapath:dP|LUT:lut|datat[3]"
    Info (13026): Duplicate LATCH primitive "Mdatapath:inst|exponential:EXP|datapath:dP|LUT:lut|datat[9]" merged with LATCH primitive "Mdatapath:inst|exponential:EXP|datapath:dP|LUT:lut|datat[5]"
Info (17049): 6 registers lost all their fanouts during netlist optimizations.
Info (16010): Generating hard_block partition "hard_block:auto_generated_inst"
    Info (16011): Adding 0 node(s), including 0 DDIO, 0 PLL, 0 transceiver and 0 LCELL
Info (21057): Implemented 224 device resources after synthesis - the final resource count might be different
    Info (21058): Implemented 11 input pins
    Info (21059): Implemented 24 output pins
    Info (21061): Implemented 166 logic cells
    Info (21064): Implemented 21 RAM segments
    Info (21062): Implemented 2 DSP elements
Info: Quartus II 32-bit Analysis & Synthesis was successful. 0 errors, 5 warnings
    Info: Peak virtual memory: 355 megabytes
    Info: Processing ended: Wed Nov 29 13:58:16 2023
    Info: Elapsed time: 00:00:03
    Info: Total CPU time (on all processors): 00:00:03


